<?xml version="1.0" encoding="UTF-8"?>
<policy policyName="PingFederate Access Token Enforcement"
        xmlns="http://www.mulesoft.org/schema/mule/policy"
        xmlns:mule="http://www.mulesoft.org/schema/mule/core"
        xmlns:xsi="http://www.w3.org/2001/XMLSchema-instance"
        xmlns:http-policy="http://www.mulesoft.org/schema/mule/http-policy"
        xmlns:federation="http://www.mulesoft.org/schema/mule/federation"
        xmlns:http-transform="http://www.mulesoft.org/schema/mule/http-policy-transform"
        xsi:schemaLocation="http://www.mulesoft.org/schema/mule/policy
        http://www.mulesoft.org/schema/mule/policy/current/mule-policy.xsd
        http://www.mulesoft.org/schema/mule/http-policy http://www.mulesoft.org/schema/mule/http-policy/current/mule-http-policy.xsd
               http://www.mulesoft.org/schema/mule/http-policy-transform http://www.mulesoft.org/schema/mule/http-policy-transform/current/mule-http-policy-transform.xsd
               http://www.mulesoft.org/schema/mule/federation http://www.mulesoft.org/schema/mule/federation/current/mule-federation.xsd
        http://www.mulesoft.org/schema/mule/core
        http://www.mulesoft.org/schema/mule/core/current/mule.xsd">

    <before>
        <federation:authenticate-ping-federate accessToken="#[attributes.queryParams['access_token']]"
                                               authorization="#[attributes.headers['authorization']]"
                                               config-ref="config"/>

        <mule:set-variable variableName="federationProperties" value="#[authentication.properties.userProperties]"/>
    </before>

    <federation:ping-federate-config tokenUrl="{{identityManagementTokenUrl}}"
                                     clientId="{{identityManagementClientId}}"
                                     clientSecret="{{identityManagementClientSecret}}"
                                     scopes="{{scopes}}"
                                     name="config"/>

    <http-policy:proxy name="PingFederate Access Token Enforcement">
        <http-policy:source>
            <mule:try>

                <http-policy:execute-next/>
                <mule:error-handler>
                    <mule:on-error-continue type="FEDERATION:NOT_AUTHORIZED, FEDERATION:CONNECTION_ERROR"
                                            logException="false">
                        <http-transform:set-response statusCode="401">
                            <http-transform:body>#[
                                output application/json
                                ---
                                {"error": "$(error.description)"}
                                ]
                            </http-transform:body>
                            <http-transform:headers>#[{'WWW-Authenticate': 'Bearer realm="PingFederate Client
                                Realm"'}]
                            </http-transform:headers>
                        </http-transform:set-response>
                    </mule:on-error-continue>
                    <mule:on-error-continue type="FEDERATION:INVALID_TOKEN" logException="false">
                        <http-transform:set-response statusCode="400">
                            <http-transform:body>#[
                                output application/json
                                ---
                                {"error": "$(error.description)"}
                                ]
                            </http-transform:body>
                        </http-transform:set-response>
                    </mule:on-error-continue>
                    <mule:on-error-continue type="FEDERATION:FORBIDDEN_ERROR" logException="false">
                        <http-transform:set-response statusCode="403">
                            <http-transform:body>#[
                                output application/json
                                ---
                                {"error": "$(error.description)"}
                                ]
                            </http-transform:body>
                        </http-transform:set-response>
                    </mule:on-error-continue>
                    <mule:on-error-continue type="FEDERATION:BAD_RESPONSE_ERROR" logException="false">
                        <http-transform:set-response statusCode="500">
                            <http-transform:body>#[
                                output application/json
                                ---
                                {"error": "$(error.description)"}
                                ]
                            </http-transform:body>
                        </http-transform:set-response>
                    </mule:on-error-continue>
                </mule:error-handler>
            </mule:try>
        </http-policy:source>

        <http-policy:operation>
            <http-transform:add-request-headers>
                <http-transform:headers>#[vars.federationProperties filterObject ( not ($ is Object or $ is Array)) mapObject (("X-AGW-" ++ ($$ replace ' ' with '-')):$)]</http-transform:headers>
            </http-transform:add-request-headers>

            <http-policy:execute-next/>
        </http-policy:operation>
    </http-policy:proxy>

</policy>
