<?xml version="1.0" encoding="UTF-8"?>
<mule xmlns="http://www.mulesoft.org/schema/mule/core"
      xmlns:http="http://www.mulesoft.org/schema/mule/http"
      xmlns:api-gateway="http://www.mulesoft.org/schema/mule/api-gateway"
      xmlns:proxy="http://www.mulesoft.org/schema/mule/proxy"
      xmlns:cxf="http://www.mulesoft.org/schema/mule/cxf"
      xmlns:xsi="http://www.w3.org/2001/XMLSchema-instance"
      xsi:schemaLocation="http://www.mulesoft.org/schema/mule/core http://www.mulesoft.org/schema/mule/core/current/mule.xsd
http://www.mulesoft.org/schema/mule/http http://www.mulesoft.org/schema/mule/http/current/mule-http.xsd
http://www.mulesoft.org/schema/mule/cxf http://www.mulesoft.org/schema/mule/cxf/current/mule-cxf.xsd
http://www.mulesoft.org/schema/mule/proxy http://www.mulesoft.org/schema/mule/proxy/current/mule-proxy.xsd
http://www.mulesoft.org/schema/mule/api-gateway http://www.mulesoft.org/schema/mule/api-gateway/current/mule-api-gateway.xsd">

	<proxy:config name="proxy-config"/>

    <configuration-properties file="config.properties"/>

    <api-gateway:autodiscovery apiId="${api.id}" flowRef="proxy"/>

    <http:request-config
            name="http-request-config"
            host="#[Wsdl::getHost('${wsdl.uri}','${service.name}','${service.port}')]"
            port="#[Wsdl::getPort('${wsdl.uri}','${service.name}','${service.port}')]"
            basePath="${implementation.path}"
            responseTimeout="${proxy.responseTimeout}"
            protocol="HTTP"
    />

    <flow name="proxy">
        <http:listener config-ref="{{ listenerConfig }}" path="${proxy.path}" parseRequest="false"/>

        <cxf:proxy-service port="${service.port}"
                           namespace="${service.namespace}"
                           service="${service.name}"
                           payload="envelope" enableMuleSoapHeaders="false"
                           soapVersion="1.2"
                           wsdlLocation="${wsdl.uri}">
            <cxf:features/>
        </cxf:proxy-service>

        <proxy:request-headers config-ref="proxy-config" target="proxyRequestHeaders"/>

        <proxy:response-headers config-ref="proxy-config" target="proxyResponseHeaders"/>
    </flow>
</mule>