<?xml version="1.0" encoding="UTF-8"?>
<mule xmlns="http://www.mulesoft.org/schema/mule/core"
      xmlns:http="http://www.mulesoft.org/schema/mule/http"
      xmlns:api-gateway="http://www.mulesoft.org/schema/mule/api-gateway"
      xmlns:proxy="http://www.mulesoft.org/schema/mule/proxy"
      xmlns:cxf="http://www.mulesoft.org/schema/mule/cxf"
      xmlns:xsi="http://www.w3.org/2001/XMLSchema-instance"
      xsi:schemaLocation="http://www.mulesoft.org/schema/mule/core http://www.mulesoft.org/schema/mule/core/current/mule.xsd
http://www.mulesoft.org/schema/mule/http http://www.mulesoft.org/schema/mule/http/current/mule-http.xsd
http://www.mulesoft.org/schema/mule/cxf http://www.mulesoft.org/schema/mule/cxf/current/mule-cxf.xsd
http://www.mulesoft.org/schema/mule/proxy http://www.mulesoft.org/schema/mule/proxy/current/mule-proxy.xsd
http://www.mulesoft.org/schema/mule/api-gateway http://www.mulesoft.org/schema/mule/api-gateway/current/mule-api-gateway.xsd">

    <configuration-properties file="config.properties"/>

    <api-gateway:autodiscovery apiId="${api.id}" flowRef="proxy"/>

    <http:request-config
            name="http-request-config"
            host="#[Wsdl::getHost('${wsdl.uri}','${service.name}','${service.port}')]"
            port="#[Wsdl::getPort('${wsdl.uri}','${service.name}','${service.port}')]"
            basePath="${implementation.path}"
            responseTimeout="${proxy.responseTimeout}"
            protocol="HTTP"
    />

</mule>