<?xml version="1.0" encoding="UTF-8"?>
<mule 
	xmlns:xsi="http://www.w3.org/2001/XMLSchema-instance"
    xmlns:http-policy="http://www.mulesoft.org/schema/mule/http-policy"
    xmlns="http://www.mulesoft.org/schema/mule/core"
    xmlns:gop="abc"
    xsi:schemaLocation="http://www.mulesoft.org/schema/mule/core http://www.mulesoft.org/schema/mule/core/current/mule.xsd
               http://www.mulesoft.org/schema/mule/http-policy http://www.mulesoft.org/schema/mule/http-policy/current/mule-http-policy.xsd">

    <http-policy:proxy name="after-with-content-test">
        <http-policy:source>
            <try>
                <http-policy:execute-next/>
                <error-handler>
                    <on-error-continue>
                        <gop:append-string-transformer message="|The before block with exception on after exception|"/>
                        <gop:logger level="INFO" message="|The before block with exception on after exception|" />
                    </on-error-continue>
                </error-handler>
            </try>
        </http-policy:source>
    </http-policy:proxy>
</mule>