<?xml version="1.0" encoding="UTF-8"?>
<mule xmlns:xsi="http://www.w3.org/2001/XMLSchema-instance"
      xmlns:http-policy="http://www.mulesoft.org/schema/mule/http-policy"
      xmlns="http://www.mulesoft.org/schema/mule/core"
      xsi:schemaLocation="http://www.mulesoft.org/schema/mule/core http://www.mulesoft.org/schema/mule/core/current/mule.xsd
               http://www.mulesoft.org/schema/mule/http-policy http://www.mulesoft.org/schema/mule/http-policy/current/mule-http-policy.xsd">

    <http-policy:proxy name="before-after-raw-test">
        <http-policy:source>
            <http-policy:execute-next/>
        </http-policy:source>
    </http-policy:proxy>
</mule>