<?xml version="1.0" encoding="UTF-8"?>
<project xmlns="http://maven.apache.org/POM/4.0.0"
         xmlns:xsi="http://www.w3.org/2001/XMLSchema-instance"
         xsi:schemaLocation="http://maven.apache.org/POM/4.0.0 http://maven.apache.org/xsd/maven-4.0.0.xsd">
    <parent>
        <groupId>com.mulesoft.anypoint.policy.template</groupId>
        <artifactId>mule-ip-filter-policies</artifactId>
        <version>1.2.0-SNAPSHOT</version>
    </parent>
    <modelVersion>4.0.0</modelVersion>

    <artifactId>throttling-policy</artifactId>

    <name>API Gateway Throttling Policy Template</name>

    <packaging>mule-policy</packaging>

</project>
