<?xml version="1.0" encoding="UTF-8"?>
<project xmlns="http://maven.apache.org/POM/4.0.0"
         xmlns:xsi="http://www.w3.org/2001/XMLSchema-instance"
         xsi:schemaLocation="http://maven.apache.org/POM/4.0.0 http://maven.apache.org/xsd/maven-4.0.0.xsd">
    <parent>
        <groupId>com.mulesoft.anypoint.policy.template</groupId>
        <artifactId>mule-spike-control-policy</artifactId>
        <version>1.1.2-SNAPSHOT</version>
    </parent>
    <modelVersion>4.0.0</modelVersion>

    <artifactId>spike-control</artifactId>

    <name>API Gateway Spike Control Policy Template</name>

    <packaging>mule-policy</packaging>

    <properties>
        <formatterConfigPath>../formatter.xml</formatterConfigPath>
        <licensePath>../LICENSE_HEADER.txt</licensePath>
        <throttlingExtensionVersion>1.1.2-SNAPSHOT</throttlingExtensionVersion>
        <soapFaultVersion>1.1.1</soapFaultVersion>
        <httpPolicyTransformVersion>1.1.0</httpPolicyTransformVersion>
    </properties>

    <build>
        <plugins>
            <plugin>
                <groupId>org.mule.tools.maven</groupId>
                <artifactId>mule-maven-plugin</artifactId>
            </plugin>
        </plugins>
    </build>

</project>
