<?xml version="1.0" encoding="UTF-8"?>
<policy online="true"
        id="{{policyId}}"
        policyName="Client Id Enforcement"
        violationCategory="authentication"
        order="{{order}}"
        requiresContracts="true"
        xmlns="http://www.mulesoft.org/schema/mule/policy"
        xmlns:xsi="http://www.w3.org/2001/XMLSchema-instance"
        xmlns:mule="http://www.mulesoft.org/schema/mule/core"
        xmlns:api-platform-gw="http://www.mulesoft.org/schema/mule/api-platform-gw"
        xmlns:compatibility="http://www.mulesoft.org/schema/mule/compatibility"
        xmlns:http-transform="http://www.mulesoft.org/schema/mule/http-policy-transform"
        xsi:schemaLocation="http://www.mulesoft.org/schema/mule/policy
          http://www.mulesoft.org/schema/mule/policy/current/mule-policy.xsd
          http://www.mulesoft.org/schema/mule/core http://www.mulesoft.org/schema/mule/core/current/mule.xsd
          http://www.mulesoft.org/schema/mule/compatibility http://www.mulesoft.org/schema/mule/compatibility/current/mule-compatibility.xsd
          http://www.mulesoft.org/schema/mule/http-policy-transform http://www.mulesoft.org/schema/mule/http-policy-transform/current/mule-http-policy-transform.xsd
          http://www.mulesoft.org/schema/mule/api-platform-gw
          http://www.mulesoft.org/schema/mule/api-platform-gw/current/mule-api-platform-gw.xsd">

    <mule:sub-flow name="{{policyId}}-build-response">
        <compatibility:set-property propertyName="http.status" value="403"/>
        <compatibility:set-property propertyName="http.status" value="403"/>
        <compatibility:outbound-properties-to-var/>
        <http-transform:set-response statusCode="#[migration::HttpListener::httpListenerResponseSuccessStatusCode(vars)]">
            <http-transform:headers>#[migration::HttpListener::httpListenerResponseHeaders(vars)]</http-transform:headers>
        </http-transform:set-response>
    </mule:sub-flow>

    <before>

        <compatibility:set-property propertyName="http.status" value="403"/>
        <compatibility:set-property propertyName="http.status" value="403"/>
        <mule:set-payload value="#[flowVars._invalidClientMessage]"/>
        <compatibility:outbound-properties-to-var/>
        <http-transform:set-response statusCode="#[migration::HttpListener::httpListenerResponseSuccessStatusCode(vars)]">
            <http-transform:headers>#[migration::HttpListener::httpListenerResponseHeaders(vars)]</http-transform:headers>
        </http-transform:set-response>
    </before>

    <pointcut>
        <api-platform-gw:api-pointcut apiName="{{apiName}}" apiVersion="{{apiVersionName}}"/>
        <resource methodRegex="{{methodRegex}}" uriTemplateRegex="{{uriTemplateRegex}}"/>
    </pointcut>
    <pointcut>
        <api-platform-gw:api-pointcut apiName="{{apiName}}" apiVersion="{{apiVersionName}}"/>
    </pointcut>

</policy>