<?xml version="1.0" encoding="UTF-8"?>
<mule   xmlns="http://www.mulesoft.org/schema/mule/core"
        xmlns:http-policy="http://www.mulesoft.org/schema/mule/http-policy"
        xmlns:xsi="http://www.w3.org/2001/XMLSchema-instance"
        xmlns:http-transform="http://www.mulesoft.org/schema/mule/http-policy-transform"
        xsi:schemaLocation="http://www.mulesoft.org/schema/mule/http-policy http://www.mulesoft.org/schema/mule/http-policy/current/mule-http-policy.xsd
            http://www.mulesoft.org/schema/mule/core http://www.mulesoft.org/schema/mule/core/current/mule.xsd
            http://www.mulesoft.org/schema/mule/http-policy-transform http://www.mulesoft.org/schema/mule/http-policy-transform/current/mule-http-policy-transform.xsd">

    <http-policy:proxy name="responseBuilder">
        <http-policy:source>
            <http-policy:execute-next/>
            <http-transform:set-response statusCode="793">
                <http-transform:headers>#[migration::HttpListener::httpListenerResponseHeaders(vars) ++ {'Content-Type': 'application/json', 'Set-Cookie': 'addedCookieName=addedCookieValue', 'Set-Cookie': '#[header:inbound:cookie1]=#[header:inbound:value1]; Domain=#[header:inbound:domain]; Path=#[header:inbound:path]; Expires=#[header:inbound:expiryDate]; Secure; Max-Age=#[header:inbound:maxAge]', 'Cache-Control': 'max-age=#[header:inbound:cacheControl]', 'Expires': 'Thu, 01 Dec 2014 16:00:00 GMT', 'Location': 'http://localhost:9090'} ++ {'testHeaderName' : 'testHeaderValue'}]</http-transform:headers>
            </http-transform:set-response>
        </http-policy:source>
    </http-policy:proxy>

</mule>
