<?xml version="1.0" encoding="UTF-8"?>
<mule xmlns="http://www.mulesoft.org/schema/mule/core"
      xmlns:mule="http://www.mulesoft.org/schema/mule/core"
      xmlns:xsi="http://www.w3.org/2001/XMLSchema-instance"
      xmlns:threat-protection-xml="http://www.mulesoft.org/schema/mule/xml-threat-protection"
      xmlns:api-platform-gw="http://www.mulesoft.org/schema/mule/api-platform-gw"
      xmlns:http-transform="http://www.mulesoft.org/schema/mule/http-policy-transform"
      xmlns:http-policy="http://www.mulesoft.org/schema/mule/http-policy"
      xmlns:compatibility="http://www.mulesoft.org/schema/mule/compatibility"
      xsi:schemaLocation="http://www.mulesoft.org/schema/mule/http-policy
        http://www.mulesoft.org/schema/mule/http-policy/current/mule-http-policy.xsd
        http://www.mulesoft.org/schema/mule/core
        http://www.mulesoft.org/schema/mule/core/current/mule.xsd
        http://www.mulesoft.org/schema/mule/xml-threat-protection
        http://www.mulesoft.org/schema/mule/xml-threat-protection/current/mule-xml-threat-protection.xsd
        http://www.mulesoft.org/schema/mule/compatibility http://www.mulesoft.org/schema/mule/compatibility/current/mule-compatibility.xsd
        http://www.mulesoft.org/schema/mule/http-policy-transform http://www.mulesoft.org/schema/mule/http-policy-transform/current/mule-http-policy-transform.xsd
        http://www.mulesoft.org/schema/mule/api-platform-gw
        http://www.mulesoft.org/schema/mule/api-platform-gw/current/mule-api-platform-gw.xsd">

    <mule:sub-flow name="{{policyId}}-build-response">
        <compatibility:set-property propertyName="http.status" value="400"/>
        {{#isWsdlEndpoint}}
        <compatibility:set-property propertyName="Content-Type" value="text/xml"/>
        <mule:set-payload value="#[soapFault('client', flowVars._threatViolationMessage)]"/>
        {{/isWsdlEndpoint}}
        {{^isWsdlEndpoint}}
        <compatibility:set-property propertyName="Content-Type" value="application/json"/>
        <mule:set-payload value="#[flowVars._threatViolationMessage]"/>
        {{/isWsdlEndpoint}}
        <compatibility:outbound-properties-to-var />
        <http-transform:set-response
                statusCode="#[migration::HttpListener::httpListenerResponseSuccessStatusCode(vars)]">
            <http-transform:headers>#[migration::HttpListener::httpListenerResponseHeaders(vars)]
            </http-transform:headers>
        </http-transform:set-response>
    </mule:sub-flow>

    <threat-protection-xml:xml-config name="xml-threat-protection-config"
                                      maxNodeDepth="{{maxNodeDepth}}"
                                      maxAttributeCountPerElement="{{maxAttributeCountPerElement}}"
                                      maxChildCount="{{maxChildCount}}"
                                      maxTextLength="{{maxTextLength}}"
                                      maxAttributeLength="{{maxAttributeLength}}"
                                      maxCommentLength="{{maxCommentLength}}"/>

    <http-policy:proxy name="XML Threat Protection">
        <http-policy:source>
            <threat-protection-xml:secure-xml-request config-ref="xml-threat-protection-config"
                                                      contentType="#[attributes.headers['content-type']]"/>
            <http-policy:execute-next/>
        </http-policy:source>
    </http-policy:proxy>

    {{#pointcutData.length}}
    {{#pointcutData}}
    {{/pointcutData}}
    {{/pointcutData.length}}
    {{^pointcutData.length}}
    {{/pointcutData.length}}

</mule>