<?xml version="1.0" encoding="UTF-8"?>
<policy online="true"
        id="{{policyId}}"
        policyName="XML Threat Protection"
        violationCategory="content"
        order="{{order}}"
        xmlns="http://www.mulesoft.org/schema/mule/policy"
        xmlns:mule="http://www.mulesoft.org/schema/mule/core"
        xmlns:xsi="http://www.w3.org/2001/XMLSchema-instance"
        xmlns:threat-protection-xml="http://www.mulesoft.org/schema/mule/xml-threat-protection"
        xmlns:api-platform-gw="http://www.mulesoft.org/schema/mule/api-platform-gw"
        xsi:schemaLocation="http://www.mulesoft.org/schema/mule/policy
        http://www.mulesoft.org/schema/mule/policy/current/mule-policy.xsd
        http://www.mulesoft.org/schema/mule/core
        http://www.mulesoft.org/schema/mule/core/current/mule.xsd
        http://www.mulesoft.org/schema/mule/xml-threat-protection
        http://www.mulesoft.org/schema/mule/xml-threat-protection/current/mule-xml-threat-protection.xsd
        http://www.mulesoft.org/schema/mule/api-platform-gw
        http://www.mulesoft.org/schema/mule/api-platform-gw/current/mule-api-platform-gw.xsd">

    <mule:sub-flow name="{{policyId}}-build-response">
        <mule:set-property propertyName="http.status" value="400"/>
        {{#isWsdlEndpoint}}
        <mule:set-property propertyName="Content-Type" value="text/xml"/>
        <mule:set-payload value="#[soapFault('client', flowVars._threatViolationMessage)]"/>
        {{/isWsdlEndpoint}}
        {{^isWsdlEndpoint}}
        <mule:set-property propertyName="Content-Type" value="application/json"/>
        <mule:set-payload value="#[flowVars._threatViolationMessage]"/>
        {{/isWsdlEndpoint}}
    </mule:sub-flow>

    <threat-protection-xml:xml-config name="xml-threat-protection-config"
                                      maxNodeDepth="{{maxNodeDepth}}"
                                      maxAttributeCountPerElement="{{maxAttributeCountPerElement}}"
                                      maxChildCount="{{maxChildCount}}"
                                      maxTextLength="{{maxTextLength}}"
                                      maxAttributeLength="{{maxAttributeLength}}"
                                      maxCommentLength="{{maxCommentLength}}"/>

    <before>
        <threat-protection-xml:secure-xml-request config-ref="xml-threat-protection-config"
                                                  contentType="#[attributes.headers['content-type']]"/>
    </before>

    {{#pointcutData.length}}
    {{#pointcutData}}
    <pointcut>
        <api-platform-gw:api-pointcut apiName="{{apiName}}" apiVersion="{{apiVersionName}}"/>
        <resource methodRegex="{{methodRegex}}" uriTemplateRegex="{{uriTemplateRegex}}"/>
    </pointcut>
    {{/pointcutData}}
    {{/pointcutData.length}}
    {{^pointcutData.length}}
    <pointcut>
        <api-platform-gw:api-pointcut apiName="{{apiName}}" apiVersion="{{apiVersionName}}"/>
    </pointcut>
    {{/pointcutData.length}}

</policy>